DATABASE INITIALIZED: localhost/PlanningPurchaseDB
ERROR: 'charmap' codec can't encode character '\u1eb7' in position 17: character maps to <undefined>
